======================================================================================================================================================
=                                                           ❌ SHACL validation failed for:                                                          =
=                                                                                                                                                    =
=                                          ['tests/data/scenario/invalid/fail13_unknown_entity_type.json']                                           =
=                                                                                                                                                    =
======================================================================================================================================================
=                                                                                                                                                    =
=                                                           Structured Validation Errors:                                                            =
= -------------------------------------------------------------------------------------------------------------------------------------------------- =
= 🔹 [Violation] Node: [BNODE]                                                                                                                       =
=    Property:         https://w3id.org/ascs-ev/envited-x/scenario/v6/entityTypes                                                                    =
=    Error:            Validation of entityTypes failed! Must be an ASAM OpenSCENARIO XML V1.4.0 VehicleCategory, PedestrianCategory or              =
=                      MiscObjectCategory value.                                                                                                     =
======================================================================================================================================================
