======================================================================================================================================================
=                                                           ❌ SHACL validation failed for:                                                          =
=                                                                                                                                                    =
=                                     ['tests/data/scenario/invalid/fail12_wrong_enum_value_flat_context.json']                                      =
=                                                                                                                                                    =
======================================================================================================================================================
=                                                                                                                                                    =
=                                                           Structured Validation Errors:                                                            =
= -------------------------------------------------------------------------------------------------------------------------------------------------- =
= 🔹 [Violation] Node: [BNODE]                                                                                                                       =
=    Property:         https://openlabel.asam.net/V1-0-0/ontologies/ConnectivityCommunication                                                        =
=    Error:            Validation of ConnectivityCommunication failed!                                                                               =
======================================================================================================================================================
