======================================================================================================================================================
=                                                           ❌ SHACL validation failed for:                                                          =
=                                                                                                                                                    =
=                                        ['tests/data/scenario/invalid/fail08_string_value_for_integer.json']                                        =
=                                                                                                                                                    =
======================================================================================================================================================
=                                                                                                                                                    =
=                                                           Structured Validation Errors:                                                            =
= -------------------------------------------------------------------------------------------------------------------------------------------------- =
= 🔹 [Violation] Node: did:web:test.scenario.net:Scenario:test_invalid_fail08_string_value_for_integer                                               =
=    Property:         https://w3id.org/ascs-ev/envited-x/scenario/v6/hasDomainSpecification                                                         =
=    Error:            Each Scenario must have one associated DomainSpecification.                                                                   =
= -------------------------------------------------------------------------------------------------------------------------------------------------- =
= 🔹 [Violation] Node: [BNODE]                                                                                                                       =
=    Property:         https://w3id.org/ascs-ev/envited-x/scenario/v6/hasQuantity                                                                    =
=    Error:            Value does not conform to Shape scenario:QuantityShape. See details for more information.                                     =
= -------------------------------------------------------------------------------------------------------------------------------------------------- =
= 🔹 [Violation] Node: [BNODE]                                                                                                                       =
=    Property:         https://w3id.org/ascs-ev/envited-x/scenario/v6/numberTrafficObjects                                                           =
=    Error:            Validation of numberTrafficObjects failed!                                                                                    =
======================================================================================================================================================
