======================================================================================================================================================
=                                                           ❌ SHACL validation failed for:                                                          =
=                                                                                                                                                    =
=                                                    ['fail04_prefixed_geo_bypass_coercion.json']                                                    =
=                                                                                                                                                    =
======================================================================================================================================================
=                                                                                                                                                    =
=                                                           Structured Validation Errors:                                                            =
= -------------------------------------------------------------------------------------------------------------------------------------------------- =
= 🔹 [Violation] Node: [BNODE]                                                                                                                       =
=    Property:         https://w3id.org/ascs-ev/envited-x/georeference/v6/hasBoundingBox                                                             =
=    Error:            hasBoundingBox (ProjectLocation): Defines the bounding box in world coordinates of the asset.                                 =
= -------------------------------------------------------------------------------------------------------------------------------------------------- =
= 🔹 [Violation] Node: [BNODE]                                                                                                                       =
=    Property:         https://w3id.org/ascs-ev/envited-x/georeference/v6/hasGeodeticReferenceSystem                                                 =
=    Error:            hasGeodeticReferenceSystem (Georeference): Properties for positions (e.g., origin and viewpoint), projection type and height  =
=                      system of the asset.                                                                                                          =
= -------------------------------------------------------------------------------------------------------------------------------------------------- =
= 🔹 [Violation] Node: [BNODE]                                                                                                                       =
=    Property:         https://w3id.org/ascs-ev/envited-x/georeference/v6/hasOrigin                                                                  =
=    Error:            hasOrigin (GeodeticReferenceSystem): Defines the center position of the asset in world coordinates.                           =
= -------------------------------------------------------------------------------------------------------------------------------------------------- =
= 🔹 [Violation] Node: [BNODE]                                                                                                                       =
=    Property:         https://w3id.org/ascs-ev/envited-x/georeference/v6/hasProjectLocation                                                         =
=    Error:            hasProjectLocation (Georeference): Contains properties (state, city, region, country, bounding) to describe the location of   =
=                      the asset.                                                                                                                    =
= -------------------------------------------------------------------------------------------------------------------------------------------------- =
= 🔹 [Violation] Node: [BNODE]                                                                                                                       =
=    Property:         https://w3id.org/ascs-ev/envited-x/georeference/v6/hasViewPoint                                                               =
=    Error:            hasViewPoint (GeodeticReferenceSystem): Defines the imported viewpoint position of the asset in world coordinates.            =
= -------------------------------------------------------------------------------------------------------------------------------------------------- =
= 🔹 [Violation] Node: [BNODE]                                                                                                                       =
=    Property:         https://w3id.org/ascs-ev/envited-x/georeference/v6/lat                                                                        =
=    Error:            lat (LatLonCoordinate): Defines a world latitude value (on the y-axis) in degrees.                                            =
= -------------------------------------------------------------------------------------------------------------------------------------------------- =
= 🔹 [Violation] Node: [BNODE]                                                                                                                       =
=    Property:         https://w3id.org/ascs-ev/envited-x/georeference/v6/lat                                                                        =
=    Error:            lat (LatLonCoordinate): Defines a world latitude value (on the y-axis) in degrees.                                            =
= -------------------------------------------------------------------------------------------------------------------------------------------------- =
= 🔹 [Violation] Node: [BNODE]                                                                                                                       =
=    Property:         https://w3id.org/ascs-ev/envited-x/georeference/v6/lon                                                                        =
=    Error:            lon (LatLonCoordinate): Defines a world longitude value (on the x-axis) in degrees.                                           =
= -------------------------------------------------------------------------------------------------------------------------------------------------- =
= 🔹 [Violation] Node: [BNODE]                                                                                                                       =
=    Property:         https://w3id.org/ascs-ev/envited-x/georeference/v6/lon                                                                        =
=    Error:            lon (LatLonCoordinate): Defines a world longitude value (on the x-axis) in degrees.                                           =
= -------------------------------------------------------------------------------------------------------------------------------------------------- =
= 🔹 [Violation] Node: [BNODE]                                                                                                                       =
=    Property:         https://w3id.org/ascs-ev/envited-x/georeference/v6/xMax                                                                       =
=    Error:            xMax (BoundingBox): Defines the maximum bounding box value along the x-axis.                                                  =
= -------------------------------------------------------------------------------------------------------------------------------------------------- =
= 🔹 [Violation] Node: [BNODE]                                                                                                                       =
=    Property:         https://w3id.org/ascs-ev/envited-x/georeference/v6/xMin                                                                       =
=    Error:            xMin (BoundingBox): Defines the minimum bounding box value along the x-axis.                                                  =
= -------------------------------------------------------------------------------------------------------------------------------------------------- =
= 🔹 [Violation] Node: [BNODE]                                                                                                                       =
=    Property:         https://w3id.org/ascs-ev/envited-x/georeference/v6/yMax                                                                       =
=    Error:            yMax (BoundingBox): Defines the maximum bounding box value along the y-axis.                                                  =
= -------------------------------------------------------------------------------------------------------------------------------------------------- =
= 🔹 [Violation] Node: [BNODE]                                                                                                                       =
=    Property:         https://w3id.org/ascs-ev/envited-x/georeference/v6/yMin                                                                       =
=    Error:            yMin (BoundingBox): Defines the minimum bounding box value along the y-axis.                                                  =
= -------------------------------------------------------------------------------------------------------------------------------------------------- =
= 🔹 [Violation] Node: did:web:test.scenario.net:Scenario:test_invalid_fail04_prefixed_geo_bypass_coercion                                           =
=    Property:         https://w3id.org/ascs-ev/envited-x/scenario/v6/hasDomainSpecification                                                         =
=    Error:            Each Scenario must have one associated DomainSpecification.                                                                   =
= -------------------------------------------------------------------------------------------------------------------------------------------------- =
= 🔹 [Violation] Node: [BNODE]                                                                                                                       =
=    Property:         https://w3id.org/ascs-ev/envited-x/scenario/v6/hasGeoreference                                                                =
=    Error:            Value does not conform to Shape georeference:GeoreferenceShape. See details for more information.                             =
======================================================================================================================================================
