======================================================================================================================================================
=                                                           ❌ SHACL validation failed for:                                                          =
=                                                                                                                                                    =
=                                     ['tests/data/openlabel-v3/invalid/fail01_action_type_not_behaviour.json']                                      =
=                                                                                                                                                    =
======================================================================================================================================================
=                                                                                                                                                    =
=                                                           Structured Validation Errors:                                                            =
= -------------------------------------------------------------------------------------------------------------------------------------------------- =
= 🔹 [Violation] Node: did:web:test.openlabel-v3.net:OpenLabelFile:invalid_action_odd_type                                                           =
=    Error:            actions entry type must be a Behaviour vocabulary term.                                                                       =
======================================================================================================================================================
