======================================================================================================================================================
=                                                           ❌ SHACL validation failed for:                                                          =
=                                                                                                                                                    =
=                                         ['tests/data/openlabel-v2/invalid/fail08_maxcount_violation.json']                                         =
=                                                                                                                                                    =
======================================================================================================================================================
=                                                                                                                                                    =
=                                                           Structured Validation Errors:                                                            =
= -------------------------------------------------------------------------------------------------------------------------------------------------- =
= 🔹 [Violation] Node: [BNODE]                                                                                                                       =
=    Property:         https://w3id.org/ascs-ev/envited-x/openlabel/v2/ConnectivityCommunication                                                     =
=    Error:            ConnectivityCommunication (Odd): Type of communication connectivity. ISO 34503:2023, 10.5 a)                                  =
= -------------------------------------------------------------------------------------------------------------------------------------------------- =
= 🔹 [Violation] Node: [BNODE]                                                                                                                       =
=    Property:         https://w3id.org/ascs-ev/envited-x/openlabel/v2/DrivableAreaType                                                              =
=    Error:            DrivableAreaType (Odd): Type of drivable area. ISO 34503:2023, 9.3.2                                                          =
======================================================================================================================================================
