======================================================================================================================================================
=                                                           ❌ SHACL validation failed for:                                                          =
=                                                                                                                                                    =
=                                 ['tests/data/openlabel-v2/invalid/fail01_wrong_value_openlabel-v2_instance.json']                                  =
=                                                                                                                                                    =
======================================================================================================================================================
=                                                                                                                                                    =
=                                                           Structured Validation Errors:                                                            =
= -------------------------------------------------------------------------------------------------------------------------------------------------- =
= 🔹 [Violation] Node: [BNODE]                                                                                                                       =
=    Property:         https://w3id.org/ascs-ev/envited-x/openlabel/v2/scenarioCreatedDate                                                           =
=    Error:            scenarioCreatedDate (AdminTag): The date that the scenario was created/published.                                             =
= -------------------------------------------------------------------------------------------------------------------------------------------------- =
= 🔹 [Violation] Node: [BNODE]                                                                                                                       =
=    Property:         https://w3id.org/ascs-ev/envited-x/openlabel/v2/weatherWindValue                                                              =
=    Error:            weatherWindValue (Odd): Wind speed (m/s). Refer to BSI PAS-1883 Section 5.3.1.1.                                              =
======================================================================================================================================================
