======================================================================================================================================================
=                                                           ❌ SHACL validation failed for:                                                          =
=                                                                                                                                                    =
=                                         ['tests/data/openlabel-v2/invalid/fail03_string_for_boolean.json']                                         =
=                                                                                                                                                    =
======================================================================================================================================================
=                                                                                                                                                    =
=                                                           Structured Validation Errors:                                                            =
= -------------------------------------------------------------------------------------------------------------------------------------------------- =
= 🔹 [Violation] Node: [BNODE]                                                                                                                       =
=    Error:            If weatherWindValue is provided, WeatherWind must be true.                                                                    =
= -------------------------------------------------------------------------------------------------------------------------------------------------- =
= 🔹 [Violation] Node: [BNODE]                                                                                                                       =
=    Property:         https://w3id.org/ascs-ev/envited-x/openlabel/v2/WeatherRain                                                                   =
=    Error:            WeatherRain (Odd): Presence of rainfall. ISO 34503:2023, 10.2.4                                                               =
= -------------------------------------------------------------------------------------------------------------------------------------------------- =
= 🔹 [Violation] Node: [BNODE]                                                                                                                       =
=    Property:         https://w3id.org/ascs-ev/envited-x/openlabel/v2/WeatherWind                                                                   =
=    Error:            WeatherWind (Odd): Presence of wind. ISO 34503:2023, 10.2.3                                                                   =
= -------------------------------------------------------------------------------------------------------------------------------------------------- =
= 🔹 [Violation] Node: [BNODE]                                                                                                                       =
=    Property:         https://w3id.org/ascs-ev/envited-x/openlabel/v2/weatherWindValue                                                              =
=    Error:            weatherWindValue (Odd): Wind speed in metres per second. ISO 34503:2023, 10.2.3                                               =
======================================================================================================================================================
