======================================================================================================================================================
=                                                           ❌ SHACL validation failed for:                                                          =
=                                                                                                                                                    =
=                                      ['tests/data/openlabel-v2/invalid/fail07_cross_enum_contamination.json']                                      =
=                                                                                                                                                    =
======================================================================================================================================================
=                                                                                                                                                    =
=                                                           Structured Validation Errors:                                                            =
= -------------------------------------------------------------------------------------------------------------------------------------------------- =
= 🔹 [Violation] Node: [BNODE]                                                                                                                       =
=    Property:         https://w3id.org/ascs-ev/envited-x/openlabel/v2/DrivableAreaType                                                              =
=    Error:            DrivableAreaType (Odd): Road type. Refer to BSI PAS-1883 Section 5.2.3.2.                                                     =
= -------------------------------------------------------------------------------------------------------------------------------------------------- =
= 🔹 [Violation] Node: [BNODE]                                                                                                                       =
=    Property:         https://w3id.org/ascs-ev/envited-x/openlabel/v2/SceneryZone                                                                   =
=    Error:            SceneryZone (Odd): Zone type. Refer to BSI PAS-1883 Section 5.2.1.a.                                                          =
======================================================================================================================================================
