======================================================================================================================================================
=                                                           ❌ SHACL validation failed for:                                                          =
=                                                                                                                                                    =
=                                         ['tests/data/openlabel-v2/invalid/fail08_maxcount_violation.json']                                         =
=                                                                                                                                                    =
======================================================================================================================================================
=                                                                                                                                                    =
=                                                           Structured Validation Errors:                                                            =
= -------------------------------------------------------------------------------------------------------------------------------------------------- =
= 🔹 [Violation] Node: [BNODE]                                                                                                                       =
=    Property:         https://w3id.org/ascs-ev/envited-x/openlabel/v2/ConnectivityCommunication                                                     =
=    Error:            ConnectivityCommunication (Odd): Communication connectivity type. Refer to BSI PAS-1883 Section 5.3.4.a.                      =
= -------------------------------------------------------------------------------------------------------------------------------------------------- =
= 🔹 [Violation] Node: [BNODE]                                                                                                                       =
=    Property:         https://w3id.org/ascs-ev/envited-x/openlabel/v2/DrivableAreaType                                                              =
=    Error:            DrivableAreaType (Odd): Road type. Refer to BSI PAS-1883 Section 5.2.3.2.                                                     =
======================================================================================================================================================
