======================================================================================================================================================
=                                                           ❌ SHACL validation failed for:                                                          =
=                                                                                                                                                    =
=                                          ['tests/data/openlabel-v2/invalid/fail05_wrong_enum_value.json']                                          =
=                                                                                                                                                    =
======================================================================================================================================================
=                                                                                                                                                    =
=                                                           Structured Validation Errors:                                                            =
= -------------------------------------------------------------------------------------------------------------------------------------------------- =
= 🔹 [Violation] Node: [BNODE]                                                                                                                       =
=    Property:         https://w3id.org/ascs-ev/envited-x/openlabel/v2/DrivableAreaType                                                              =
=    Error:            DrivableAreaType (Odd): Road type. Refer to BSI PAS-1883 Section 5.2.3.2.                                                     =
= -------------------------------------------------------------------------------------------------------------------------------------------------- =
= 🔹 [Violation] Node: [BNODE]                                                                                                                       =
=    Property:         https://w3id.org/ascs-ev/envited-x/openlabel/v2/RainType                                                                      =
=    Error:            RainType (Odd): Rainfall type. Refer to BSI PAS-1883 Section 5.3.1.2.                                                         =
======================================================================================================================================================
