======================================================================================================================================================
=                                                           ❌ SHACL validation failed for:                                                          =
=                                                                                                                                                    =
=                                          ['tests/data/openlabel-v2/invalid/fail05_wrong_enum_value.json']                                          =
=                                                                                                                                                    =
======================================================================================================================================================
=                                                                                                                                                    =
=                                                           Structured Validation Errors:                                                            =
= -------------------------------------------------------------------------------------------------------------------------------------------------- =
= 🔹 [Violation] Node: [BNODE]                                                                                                                       =
=    Property:         https://w3id.org/ascs-ev/envited-x/openlabel/v2/DrivableAreaType                                                              =
=    Error:            DrivableAreaType (Odd): Type of drivable area. ISO 34503:2023, 9.3.2                                                          =
= -------------------------------------------------------------------------------------------------------------------------------------------------- =
= 🔹 [Violation] Node: [BNODE]                                                                                                                       =
=    Property:         https://w3id.org/ascs-ev/envited-x/openlabel/v2/RainType                                                                      =
=    Error:            RainType (Odd): Type of rainfall. ISO 34503:2023, 10.2.4                                                                      =
======================================================================================================================================================
