======================================================================================================================================================
=                                                           ❌ SHACL validation failed for:                                                          =
=                                                                                                                                                    =
=                                 ['tests/data/openlabel-v2/invalid/fail01_wrong_value_openlabel-v2_instance.json']                                  =
=                                                                                                                                                    =
======================================================================================================================================================
=                                                                                                                                                    =
=                                                           Structured Validation Errors:                                                            =
= -------------------------------------------------------------------------------------------------------------------------------------------------- =
= 🔹 [Violation] Node: [BNODE]                                                                                                                       =
=    Property:         https://w3id.org/ascs-ev/envited-x/openlabel/v2/scenarioCreatedDate                                                           =
=    Error:            Value is not Literal with datatype xsd:dateTime                                                                               =
= -------------------------------------------------------------------------------------------------------------------------------------------------- =
= 🔹 [Violation] Node: [BNODE]                                                                                                                       =
=    Property:         https://w3id.org/ascs-ev/envited-x/openlabel/v2/weatherWindValue                                                              =
=    Error:            Value is not Literal with datatype xsd:decimal                                                                                =
======================================================================================================================================================
