======================================================================================================================================================
=                                                           ❌ SHACL validation failed for:                                                          =
=                                                                                                                                                    =
=                                         ['tests/data/openlabel-v2/invalid/fail03_string_for_boolean.json']                                         =
=                                                                                                                                                    =
======================================================================================================================================================
=                                                                                                                                                    =
=                                                           Structured Validation Errors:                                                            =
= -------------------------------------------------------------------------------------------------------------------------------------------------- =
= 🔹 [Violation] Node: [BNODE]                                                                                                                       =
=    Error:            If weatherWindValue is provided, WeatherWind must be true. Corresponds to BSI PAS-1883 conditional constraint.                =
= -------------------------------------------------------------------------------------------------------------------------------------------------- =
= 🔹 [Violation] Node: [BNODE]                                                                                                                       =
=    Property:         https://w3id.org/ascs-ev/envited-x/openlabel/v2/WeatherRain                                                                   =
=    Error:            WeatherRain (Odd): Rainfall flag. Refer to BSI PAS-1883 Section 5.3.1.2.                                                      =
= -------------------------------------------------------------------------------------------------------------------------------------------------- =
= 🔹 [Violation] Node: [BNODE]                                                                                                                       =
=    Property:         https://w3id.org/ascs-ev/envited-x/openlabel/v2/WeatherWind                                                                   =
=    Error:            WeatherWind (Odd): Wind flag. Refer to BSI PAS-1883 Section 5.3.1.1.                                                          =
= -------------------------------------------------------------------------------------------------------------------------------------------------- =
= 🔹 [Violation] Node: [BNODE]                                                                                                                       =
=    Property:         https://w3id.org/ascs-ev/envited-x/openlabel/v2/weatherWindValue                                                              =
=    Error:            weatherWindValue (Odd): Wind speed (m/s). Refer to BSI PAS-1883 Section 5.3.1.1.                                              =
======================================================================================================================================================
