======================================================================================================================================================
=                                                           ❌ SHACL validation failed for:                                                          =
=                                                                                                                                                    =
=                                                        ['fail04_wrong_literal_types.json']                                                         =
=                                                                                                                                                    =
======================================================================================================================================================
=                                                                                                                                                    =
=                                                           Structured Validation Errors:                                                            =
= -------------------------------------------------------------------------------------------------------------------------------------------------- =
= 🔹 [Violation] Node: [BNODE]                                                                                                                       =
=    Property:         https://w3id.org/ascs-ev/envited-x/openlabel/v2/subjectVehicleSpeedValue                                                      =
=    Error:            subjectVehicleSpeedValue (Odd): Subject vehicle speed in kilometres per hour. ISO 34503:2023, 11.2                            =
= -------------------------------------------------------------------------------------------------------------------------------------------------- =
= 🔹 [Violation] Node: [BNODE]                                                                                                                       =
=    Property:         https://w3id.org/ascs-ev/envited-x/openlabel/v2/weatherWindValue                                                              =
=    Error:            weatherWindValue (Odd): Wind speed in metres per second. ISO 34503:2023, 10.2.3                                               =
======================================================================================================================================================
