======================================================================================================================================================
=                                                           ❌ SHACL validation failed for:                                                          =
=                                                                                                                                                    =
=                                        ['tests/data/openlabel-v2/invalid/fail02_decimal_for_integer.json']                                         =
=                                                                                                                                                    =
======================================================================================================================================================
=                                                                                                                                                    =
=                                                           Structured Validation Errors:                                                            =
= -------------------------------------------------------------------------------------------------------------------------------------------------- =
= 🔹 [Violation] Node: [BNODE]                                                                                                                       =
=    Property:         https://w3id.org/ascs-ev/envited-x/openlabel/v2/laneSpecificationLaneCountValue                                               =
=    Error:            Node Literal("3.5", datatype=xsd:integer) must conform to one or more shapes in [ sh:datatype xsd:integer ; sh:nodeKind       =
=                      sh:Literal ] , [ sh:class sdo:QuantitativeValue ]                                                                             =
======================================================================================================================================================
