======================================================================================================================================================
=                                                           ❌ SHACL validation failed for:                                                          =
=                                                                                                                                                    =
=                                      ['tests/data/openlabel-v2/invalid/fail09_missing_required_minmax.json']                                       =
=                                                                                                                                                    =
======================================================================================================================================================
=                                                                                                                                                    =
=                                                           Structured Validation Errors:                                                            =
= -------------------------------------------------------------------------------------------------------------------------------------------------- =
= 🔹 [Violation] Node: [BNODE]                                                                                                                       =
=    Property:         https://schema.org/maxValue                                                                                                   =
=    Error:            maxValue (QuantitativeValue): Maximum value of the range.                                                                     =
= -------------------------------------------------------------------------------------------------------------------------------------------------- =
= 🔹 [Violation] Node: [BNODE]                                                                                                                       =
=    Property:         https://schema.org/minValue                                                                                                   =
=    Error:            minValue (QuantitativeValue): Minimum value of the range.                                                                     =
======================================================================================================================================================
