======================================================================================================================================================
=                                                           ❌ SHACL validation failed for:                                                          =
=                                                                                                                                                    =
=                                        ['tests/data/openlabel-v2/invalid/fail02_decimal_for_integer.json']                                         =
=                                                                                                                                                    =
======================================================================================================================================================
=                                                                                                                                                    =
=                                                           Structured Validation Errors:                                                            =
= -------------------------------------------------------------------------------------------------------------------------------------------------- =
= 🔹 [Violation] Node: [BNODE]                                                                                                                       =
=    Property:         https://w3id.org/ascs-ev/envited-x/openlabel/v2/laneSpecificationLaneCountValue                                               =
=    Error:            laneSpecificationLaneCountValue (Odd): Number of lanes (unit). Refer to BSI PAS-1883 Section 5.2.3.4.d.                       =
======================================================================================================================================================
