======================================================================================================================================================
=                                                           ❌ SHACL validation failed for:                                                          =
=                                                                                                                                                    =
=                                     ['tests/data/openlabel-v2/invalid/fail12_edge_none_mutual_exclusion.json']                                     =
=                                                                                                                                                    =
======================================================================================================================================================
=                                                                                                                                                    =
=                                                           Structured Validation Errors:                                                            =
= -------------------------------------------------------------------------------------------------------------------------------------------------- =
= 🔹 [Violation] Node: [BNODE]                                                                                                                       =
=    Error:            EdgeNone is mutually exclusive with other drivable area edge types. If DrivableAreaEdge includes EdgeNone, no other edge      =
=                      values are allowed.                                                                                                           =
======================================================================================================================================================

