======================================================================================================================================================
=                                                           ❌ SHACL validation failed for:                                                          =
=                                                                                                                                                    =
=                                      ['tests/data/openlabel-v2/invalid/fail11_traffic_agent_wrong_enum.json']                                      =
=                                                                                                                                                    =
======================================================================================================================================================
=                                                                                                                                                    =
=                                                           Structured Validation Errors:                                                            =
= -------------------------------------------------------------------------------------------------------------------------------------------------- =
= 🔹 [Violation] Node: [BNODE]                                                                                                                       =
=    Property:         https://w3id.org/ascs-ev/envited-x/openlabel/v2/trafficAgentTypeValue                                                         =
=    Error:            trafficAgentTypeValue (Odd): Agent type. Refer to BSI PAS-1883 Section 5.4.a.4.                                               =
======================================================================================================================================================
