======================================================================================================================================================
=                                                           ❌ SHACL validation failed for:                                                          =
=                                                                                                                                                    =
=                               ['tests/data/openlabel-v2/invalid/fail13_quantitativevalue_inferred_missing_max.json']                               =
=                                                                                                                                                    =
======================================================================================================================================================
=                                                                                                                                                    =
=                                                           Structured Validation Errors:                                                            =
= -------------------------------------------------------------------------------------------------------------------------------------------------- =
= 🔹 [Violation] Node: [BNODE]                                                                                                                       =
=    Property:         https://schema.org/maxValue                                                                                                   =
=    Error:            maxValue (QuantitativeValue): Maximum value of the range.                                                                     =
======================================================================================================================================================
