======================================================================================================================================================
=                                                           ❌ SHACL validation failed for:                                                          =
=                                                                                                                                                    =
=                                         ['tests/data/hdmap/invalid/fail03_false_value_flat_context.json']                                          =
=                                                                                                                                                    =
======================================================================================================================================================
=                                                                                                                                                    =
=                                                           Structured Validation Errors:                                                            =
= -------------------------------------------------------------------------------------------------------------------------------------------------- =
= 🔹 [Violation] Node: [BNODE]                                                                                                                       =
=    Error:            If 'laneSpecificationDimensions' is not true, 'laneSpecificationDimensionsValue' must not be present.                         =
======================================================================================================================================================
