======================================================================================================================================================
=                                                           ❌ SHACL validation failed for:                                                          =
=                                                                                                                                                    =
=                                        ['tests/data/hdmap/invalid/fail04_unknown_lanelet_formattype.json']                                         =
=                                                                                                                                                    =
======================================================================================================================================================
=                                                                                                                                                    =
=                                                           Structured Validation Errors:                                                            =
= -------------------------------------------------------------------------------------------------------------------------------------------------- =
= 🔹 [Violation] Node: [BNODE]                                                                                                                       =
=    Property:         https://w3id.org/ascs-ev/envited-x/hdmap/v6/formatType                                                                        =
=    Error:            Validation of type failed!                                                                                                    =
= -------------------------------------------------------------------------------------------------------------------------------------------------- =
= 🔹 [Violation] Node: did:web:test.hdmap.net:HdMap:test_invalid_unknown_lanelet_formattype                                                          =
=    Property:         https://w3id.org/ascs-ev/envited-x/hdmap/v6/hasDomainSpecification                                                            =
=    Error:            Each HD map must have one associated DomainSpecification object with format, content, quantity, quality, and dataSource.      =
= -------------------------------------------------------------------------------------------------------------------------------------------------- =
= 🔹 [Violation] Node: [BNODE]                                                                                                                       =
=    Property:         https://w3id.org/ascs-ev/envited-x/hdmap/v6/hasFormat                                                                         =
=    Error:            Value does not conform to Shape hdmap:FormatShape. See details for more information.                                          =
======================================================================================================================================================
