======================================================================================================================================================
=                                                           ❌ SHACL validation failed for:                                                          =
=                                                                                                                                                    =
=                                                ['fail_02_missing_iri_manifest_link_instance.json']                                                 =
=                                                                                                                                                    =
======================================================================================================================================================
=                                                                                                                                                    =
=                                                           Structured Validation Errors:                                                            =
= -------------------------------------------------------------------------------------------------------------------------------------------------- =
= 🔹 [Violation] Node: did:web:test.envited-x.net:SimulationAsset:test_invalid_fail_02_missing_iri_manifest_link_instance                            =
=    Property:         https://w3id.org/ascs-ev/envited-x/envited-x/v4/hasManifest                                                                   =
=    Error:            hasManifest (SimulationAsset): Links an asset to its manifest: an inline envited-x:Manifest, or a link that names an external =
=                      manifest by its IRI, typically a DID.                                                                                         =
======================================================================================================================================================
