======================================================================================================================================================
=                                                           ❌ SHACL validation failed for:                                                          =
=                                                                                                                                                    =
=                                                   ['fail_01_missing_has_content_instance.json']                                                    =
=                                                                                                                                                    =
======================================================================================================================================================
=                                                                                                                                                    =
=                                                           Structured Validation Errors:                                                            =
= -------------------------------------------------------------------------------------------------------------------------------------------------- =
= 🔹 [Violation] Node: [BNODE]                                                                                                                       =
=    Property:         https://w3id.org/ascs-ev/envited-x/envited-x/v4/hasContent                                                                    =
=    Error:            hasContent (EnvitedXDomainSpecification): Links a DomainSpecification to the content of the asset.                            =
= -------------------------------------------------------------------------------------------------------------------------------------------------- =
= 🔹 [Violation] Node: did:web:test.envited-x.net:SimulationAsset:test_invalid_fail_01_missing_has_content_instance                                  =
=    Property:         https://w3id.org/ascs-ev/envited-x/envited-x/v4/hasDomainSpecification                                                        =
=    Error:            hasDomainSpecification (SimulationAsset): Links an asset to one or more metadata extensions (e.g., georeference metadata,     =
=                      sensor calibration) that provide additional structured information.                                                           =
======================================================================================================================================================
