======================================================================================================================================================
=                                                           ❌ SHACL validation failed for:                                                          =
=                                                                                                                                                    =
=                                                         ['fail01_mcap_missing_topic.json']                                                         =
=                                                                                                                                                    =
======================================================================================================================================================
=                                                                                                                                                    =
=                                                           Structured Validation Errors:                                                            =
= -------------------------------------------------------------------------------------------------------------------------------------------------- =
= 🔹 [Violation] Node: [BNODE]                                                                                                                       =
=    Property:         https://w3id.org/ascs-ev/envited-x/ositrace/v7/hasChannel                                                                     =
=    Error:            hasChannel (Format): Channels in the MCAP container. Each channel carries messages of one OSI top-level type.                 =
= -------------------------------------------------------------------------------------------------------------------------------------------------- =
= 🔹 [Violation] Node: did:web:test.ositrace.net:OSITrace:test_invalid_fail01_mcap_missing_topic                                                     =
=    Property:         https://w3id.org/ascs-ev/envited-x/ositrace/v7/hasDomainSpecification                                                         =
=    Error:            ositraceHasDomainSpecification (OSITrace): Links an OSI trace asset to its specific metadata (DomainSpecification), which may =
=                      contain additional OSI trace-specific attributes.                                                                             =
= -------------------------------------------------------------------------------------------------------------------------------------------------- =
= 🔹 [Violation] Node: [BNODE]                                                                                                                       =
=    Property:         https://w3id.org/ascs-ev/envited-x/ositrace/v7/hasFormat                                                                      =
=    Error:            ositraceHasFormat (DomainSpecification): File format details of the OSI trace.                                                =
= -------------------------------------------------------------------------------------------------------------------------------------------------- =
= 🔹 [Violation] Node: [BNODE]                                                                                                                       =
=    Property:         https://w3id.org/ascs-ev/envited-x/ositrace/v7/topic                                                                          =
=    Error:            topic (Channel): Unique MCAP topic name identifying this channel.                                                             =
======================================================================================================================================================
