======================================================================================================================================================
=                                                           ❌ SHACL validation failed for:                                                          =
=                                                                                                                                                    =
=                                          ['tests/data/openlabel/invalid/fail02_decimal_for_integer.json']                                          =
=                                                                                                                                                    =
======================================================================================================================================================
=                                                                                                                                                    =
=                                                           Structured Validation Errors:                                                            =
= -------------------------------------------------------------------------------------------------------------------------------------------------- =
= 🔹 [Violation] Node: did:web:test.openlabel.net:Tag:test_invalid_fail02_decimal_for_integer                                                        =
=    Property:         https://openlabel.asam.net/V1-0-0/ontologies/Odd                                                                              =
=    Error:            Value does not conform to Shape openlabel:OddShape. See details for more information.                                         =
= -------------------------------------------------------------------------------------------------------------------------------------------------- =
= 🔹 [Violation] Node: [BNODE]                                                                                                                       =
=    Property:         https://openlabel.asam.net/V1-0-0/ontologies/laneSpecificationLaneCountValue                                                  =
=    Error:            Validation of laneSpecificationLaneCountValue failed!                                                                         =
= -------------------------------------------------------------------------------------------------------------------------------------------------- =
= 🔹 [Violation] Node: [BNODE]                                                                                                                       =
=    Property:         https://openlabel.asam.net/V1-0-0/ontologies/trafficAgentDensityValue                                                         =
=    Error:            Validation of trafficAgentDensityValue failed!                                                                                =
======================================================================================================================================================
