======================================================================================================================================================
=                                                           ❌ SHACL validation failed for:                                                          =
=                                                                                                                                                    =
=                                                      ['fail_03_wrong_category_instance.json']                                                      =
=                                                                                                                                                    =
======================================================================================================================================================
=                                                                                                                                                    =
=                                                           Structured Validation Errors:                                                            =
= -------------------------------------------------------------------------------------------------------------------------------------------------- =
= 🔹 [Violation] Node: [BNODE]                                                                                                                       =
=    Property:         https://w3id.org/ascs-ev/envited-x/manifest/v6/hasCategory                                                                    =
=    Error:            hasCategory (LicenseLink): General property to indicate the category of an artifact.                                          =
= -------------------------------------------------------------------------------------------------------------------------------------------------- =
= 🔹 [Violation] Node: did:web:test.manifest.net:Manifest:test_invalid_fail_03_wrong_category_instance                                               =
=    Property:         https://w3id.org/ascs-ev/envited-x/manifest/v6/hasLicense                                                                     =
=    Error:            hasLicense (Manifest): Associates a Manifest instance with its corresponding license; only applicable within Manifest         =
=                      instances.                                                                                                                    =
======================================================================================================================================================
