======================================================================================================================================================
=                                                           ❌ SHACL validation failed for:                                                          =
=                                                                                                                                                    =
=                                                     ['fail_01_missing_license_instance.json']                                                      =
=                                                                                                                                                    =
======================================================================================================================================================
=                                                                                                                                                    =
=                                                           Structured Validation Errors:                                                            =
= -------------------------------------------------------------------------------------------------------------------------------------------------- =
= 🔹 [Violation] Node: did:web:test.manifest.net:Manifest:test_invalid_fail_01_missing_license_instance                                              =
=    Property:         https://w3id.org/ascs-ev/envited-x/manifest/v6/hasLicense                                                                     =
=    Error:            hasLicense (Manifest): Associates a Manifest instance with its corresponding license; only applicable within Manifest         =
=                      instances.                                                                                                                    =
======================================================================================================================================================
