======================================================================================================================================================
=                                                           ❌ SHACL validation failed for:                                                          =
=                                                                                                                                                    =
=                                        ['tests/data/manifest/invalid/fail_07_wrong_filesize_instance.json']                                        =
=                                                                                                                                                    =
======================================================================================================================================================
=                                                                                                                                                    =
=                                                           Structured Validation Errors:                                                            =
= -------------------------------------------------------------------------------------------------------------------------------------------------- =
= 🔹 [Violation] Node: [BNODE]                                                                                                                       =
=    Property:         https://w3id.org/ascs-ev/envited-x/manifest/v5/fileSize                                                                       =
=    Error:            Validation of file size failed!                                                                                               =
= -------------------------------------------------------------------------------------------------------------------------------------------------- =
= 🔹 [Violation] Node: did:web:test.manifest.net:Manifest:test_invalid_fail_07_wrong_filesize_instance                                               =
=    Property:         https://w3id.org/ascs-ev/envited-x/manifest/v5/hasArtifacts                                                                   =
=    Error:            Value does not conform to Shape manifest:LinkShape. See details for more information.                                         =
= -------------------------------------------------------------------------------------------------------------------------------------------------- =
= 🔹 [Violation] Node: [BNODE]                                                                                                                       =
=    Property:         https://w3id.org/ascs-ev/envited-x/manifest/v5/hasFileMetadata                                                                =
=    Error:            Value does not conform to Shape manifest:FileMetadataShape. See details for more information.                                 =
======================================================================================================================================================
