======================================================================================================================================================
=                                                           ❌ SHACL validation failed for:                                                          =
=                                                                                                                                                    =
=                                                           ['fail01_wrong_url_type.json']                                                           =
=                                                                                                                                                    =
======================================================================================================================================================
=                                                                                                                                                    =
=                                                           Structured Validation Errors:                                                            =
= -------------------------------------------------------------------------------------------------------------------------------------------------- =
= 🔹 [Violation] Node: [BNODE]                                                                                                                       =
=    Property:         https://w3id.org/gaia-x/development#url                                                                                       =
=    Error:            Value is not of Node Kind sh:IRI                                                                                              =
= -------------------------------------------------------------------------------------------------------------------------------------------------- =
= 🔹 [Violation] Node: [BNODE]                                                                                                                       =
=    Property:         https://w3id.org/gaia-x/development#url                                                                                       =
=    Error:            Value is not of Node Kind sh:IRI                                                                                              =
= -------------------------------------------------------------------------------------------------------------------------------------------------- =
= 🔹 [Violation] Node: [BNODE]                                                                                                                       =
=    Property:         https://w3id.org/gaia-x/development#url                                                                                       =
=    Error:            Value is not of Node Kind sh:IRI                                                                                              =
======================================================================================================================================================
